[1/3] building
[2/3] sweeping COMPILER2026_DAG_FAST_PHASE (repeat=3)
  case           serial_s             1
  n=256 b=8      0.001328         1.00x
  n=384 b=8      0.004378         3.36x
  n=640 b=8      0.021582         6.85x
  n=768 b=8      0.046151         9.57x
  n=1152 b=8     0.145490        13.45x
  n=256 b=16     0.001363         2.62x
  n=384 b=16     0.004375         4.88x
  n=640 b=16     0.020120         9.55x
  n=768 b=16     0.039131        12.14x
  n=1152 b=16    0.122490        15.93x
  n=256 b=32     0.001496         2.53x
  n=384 b=32     0.004698         4.90x
  n=640 b=32     0.021227        10.88x
  n=768 b=32     0.037995        13.61x
  n=1152 b=32    0.122206        20.08x
  n=256 b=64     0.001835         2.00x
  n=384 b=64     0.006004         3.95x
  n=640 b=64     0.025709         9.29x
  n=768 b=64     0.044799        11.66x
  n=1152 b=64    0.141645        18.42x
[3/3] done (every reported point passed the verifier)
csv=/root/bisheng/r26_trsm_range_off.csv
[1/3] building
[2/3] sweeping COMPILER2026_DAG_FAST_PHASE (repeat=3)
  case           serial_s             1
  n=256 b=8      0.001329         1.00x
  n=384 b=8      0.004344         3.83x
  n=640 b=8      0.021009         7.63x
  n=768 b=8      0.042649        10.99x
  n=1152 b=8     0.145607        15.92x
  n=256 b=16     0.001362         2.92x
  n=384 b=16     0.004404         5.35x
  n=640 b=16     0.019553         9.86x
  n=768 b=16     0.036518        12.19x
  n=1152 b=16    0.126872        17.41x
  n=256 b=32     0.001493         2.57x
  n=384 b=32     0.004689         4.96x
  n=640 b=32     0.020799        10.63x
  n=768 b=32     0.037753        13.62x
  n=1152 b=32    0.120965        19.57x
  n=256 b=64     0.001836         1.98x
  n=384 b=64     0.006013         3.99x
  n=640 b=64     0.025265         9.12x
  n=768 b=64     0.044832        11.78x
  n=1152 b=64    0.141758        18.32x
[3/3] done (every reported point passed the verifier)
csv=/root/bisheng/r26_trsm_range_on.csv
